2025/06/11 22:53:00 Server is running [:3000]
2025/06/11 22:53:03 DELETE /author/1
2025/06/11 23:05:45 Server is running [:3000]
2025/06/11 23:05:48 DELETE /author/1
2025/06/11 23:09:39 Server is running [:3000]
2025/06/11 23:09:43 DELETE /author/6
2025/06/11 23:09:54 DELETE /author/6
2025/06/11 23:11:23 Server is running [:3000]
2025/06/11 23:11:27 DELETE /author/6
2025/06/11 23:11:47 Server is running [:3000]
2025/06/11 23:11:51 DELETE /author/6
2025/06/11 23:13:12 Fatal error ocurred: Server is running [:3000]
2025/06/11 23:14:19 Server is running [:3000]
2025/06/11 23:14:22 DELETE /author/6
2025/06/11 23:15:06 Server is running [:3000]
2025/06/11 23:15:09 DELETE /author/6
2025/06/14 23:55:21 Server is running [:3000]
2025/06/15 00:15:32 Server is running [:3000]
2025/06/15 00:15:53 POST /book
2025/06/15 00:16:03 POST /book
2025/06/15 00:16:03 POST /book
2025/06/15 00:16:44 Server is running [:3000]
2025/06/15 00:16:47 POST /book
2025/06/15 00:16:49 POST /book
2025/06/15 00:16:50 POST /book
2025/06/15 00:17:46 Server is running [:3000]
2025/06/15 00:17:49 POST /book
2025/06/15 00:19:29 Server is running [:3000]
2025/06/15 00:19:32 POST /book
2025/06/15 00:19:55 POST /book
2025/06/15 00:19:56 POST /book
2025/06/15 00:20:18 Server is running [:3000]
2025/06/15 00:20:22 POST /book
2025/06/15 00:20:24 POST /book
2025/06/15 00:20:50 Server is running [:3000]
2025/06/15 00:20:53 POST /book
2025/06/15 00:26:12 Server is running [:3000]
2025/06/15 00:26:16 POST /book
2025/06/15 00:26:20 POST /book
2025/06/15 00:26:21 POST /book
2025/06/15 00:26:39 Server is running [:3000]
2025/06/15 00:26:43 POST /book
2025/06/15 00:28:19 Server is running [:3000]
2025/06/15 00:28:23 POST /book
2025/06/15 00:28:25 POST /book
2025/06/15 00:28:26 POST /book
2025/06/15 00:28:42 Server is running [:3000]
2025/06/15 00:28:47 POST /book
2025/06/15 00:28:48 POST /book
2025/06/15 00:28:49 POST /book
2025/06/15 00:28:49 POST /book
2025/06/15 00:28:50 POST /book
2025/06/15 00:28:50 POST /book
2025/06/15 00:28:50 POST /book
2025/06/15 00:28:50 POST /book
2025/06/15 00:29:38 POST /author
2025/06/15 00:29:38 POST /author
2025/06/15 00:30:09 POST /book
2025/06/15 00:30:41 Server is running [:3000]
2025/06/15 00:30:48 POST /author
2025/06/15 00:31:16 Server is running [:3000]
2025/06/15 00:31:27 POST /book
2025/06/15 00:35:33 POST /author
2025/06/15 00:35:34 POST /author
2025/06/15 00:37:21 Server is running [:3000]
2025/06/15 00:37:29 POST /book
2025/06/25 00:08:18 Server is running [:3000]
2025/06/25 00:08:44 GET /author
2025/06/25 00:08:44 GET /author
2025/06/25 00:08:44 GET /author
2025/06/25 00:08:44 GET /author
2025/06/25 00:08:44 GET /author
2025/06/25 00:08:44 GET /author
2025/06/25 00:08:44 GET /author
2025/06/25 00:08:44 GET /author
2025/06/25 00:08:44 GET /author
2025/06/25 00:08:44 GET /author
2025/06/25 00:09:21 GET /author
2025/06/25 00:09:21 GET /author
2025/06/25 00:09:21 GET /author
2025/06/25 00:09:21 GET /author
2025/06/25 00:09:21 GET /author
2025/06/25 00:09:21 GET /author
2025/06/25 00:09:21 GET /author
2025/06/25 00:09:21 GET /author
2025/06/25 00:09:21 GET /author
2025/06/25 00:09:21 GET /author
2025/06/25 00:10:15 Server is running [:3000]
2025/06/25 00:10:20 GET /author
2025/06/25 00:10:20 GET /author
2025/06/25 00:10:20 GET /author
2025/06/25 00:10:20 GET /author
2025/06/25 00:10:20 GET /author
2025/06/25 00:10:20 GET /author
2025/06/25 00:10:20 GET /author
2025/06/25 00:10:20 GET /author
2025/06/25 00:10:20 GET /author
2025/06/25 00:10:20 GET /author
2025/06/25 00:11:47 GET /author
2025/06/25 00:11:47 GET /author
2025/06/25 00:11:47 GET /author
2025/06/25 00:11:47 GET /author
2025/06/25 00:11:47 GET /author
2025/06/25 00:11:47 GET /author
2025/06/25 00:11:47 GET /author
2025/06/25 00:11:47 GET /author
2025/06/25 00:11:47 GET /author
2025/06/25 00:11:47 GET /author
2025/06/25 00:12:28 Server is running [:3000]
2025/06/25 00:12:33 GET /author
2025/06/25 00:12:33 GET /author
2025/06/25 00:12:33 GET /author
2025/06/25 00:12:33 GET /author
2025/06/25 00:12:33 GET /author
2025/06/25 00:12:33 GET /author
2025/06/25 00:12:33 GET /author
2025/06/25 00:12:33 GET /author
2025/06/25 00:12:33 GET /author
2025/06/25 00:12:33 GET /author
2025/06/25 00:12:52 GET /author
2025/06/25 00:12:52 GET /author
2025/06/25 00:12:52 GET /author
2025/06/25 00:12:52 GET /author
2025/06/25 00:12:52 GET /author
2025/06/25 00:12:52 GET /author
2025/06/25 00:12:52 GET /author
2025/06/25 00:12:52 GET /author
2025/06/25 00:12:52 GET /author
2025/06/25 00:12:52 GET /author
2025/06/25 00:13:13 Server is running [:3000]
2025/06/25 00:13:19 GET /author
2025/06/25 00:13:19 GET /author
2025/06/25 00:13:19 GET /author
2025/06/25 00:13:19 GET /author
2025/06/25 00:13:19 GET /author
2025/06/25 00:13:19 GET /author
2025/06/25 00:13:19 GET /author
2025/06/25 00:13:19 GET /author
2025/06/25 00:13:19 GET /author
2025/06/25 00:13:19 GET /author
2025/06/25 00:14:46 Server is running [:3000]
2025/06/25 00:14:50 GET /author
2025/06/25 00:14:52 GET /author
2025/06/25 00:15:33 Server is running [:3000]
2025/06/25 00:15:36 GET /author
2025/06/25 00:15:37 GET /author
2025/06/25 00:16:07 Server is running [:3000]
2025/06/25 00:16:12 GET /author
2025/06/25 00:16:53 Server is running [:3000]
2025/06/25 00:16:55 GET /author
2025/06/25 00:16:55 GET /author
2025/06/25 00:16:55 GET /author
2025/06/25 00:16:55 GET /author
2025/06/25 00:16:55 GET /author
2025/06/25 00:16:55 GET /author
2025/06/25 00:16:55 GET /author
2025/06/25 00:16:55 GET /author
2025/06/25 00:16:55 GET /author
2025/06/25 00:16:55 GET /author
2025/06/25 00:18:54 Server is running [:3000]
2025/06/25 00:19:00 GET /author
2025/06/25 00:19:00 GET /author
2025/06/25 00:19:00 GET /author
2025/06/25 00:19:00 GET /author
2025/06/25 00:19:00 GET /author
2025/06/25 00:19:00 GET /author
2025/06/25 00:19:00 GET /author
2025/06/25 00:19:00 GET /author
2025/06/25 00:19:00 GET /author
2025/06/25 00:19:00 GET /author
2025/06/25 00:20:30 Server is running [:3000]
2025/06/25 00:20:32 GET /author
2025/06/25 00:22:00 GET /author/1
2025/06/25 00:25:20 Server is running [:3000]
2025/06/25 00:25:28 GET /author
2025/06/25 00:27:12 Server is running [:3000]
2025/06/25 00:27:15 GET /author
2025/06/25 00:27:15 GET /author
2025/06/25 00:27:15 GET /author
2025/06/25 00:27:15 GET /author
2025/06/25 00:27:15 GET /author
2025/06/25 00:27:15 GET /author
2025/06/25 00:27:15 GET /author
2025/06/25 00:27:15 GET /author
2025/06/25 00:27:15 GET /author
2025/06/25 00:27:15 GET /author
2025/06/25 00:27:47 Server is running [:3000]
2025/06/25 00:27:50 GET /author
2025/06/25 00:27:50 GET /author
2025/06/25 00:27:50 GET /author
2025/06/25 00:27:50 GET /author
2025/06/25 00:27:50 GET /author
2025/06/25 00:27:50 GET /author
2025/06/25 00:27:50 GET /author
2025/06/25 00:27:50 GET /author
2025/06/25 00:27:50 GET /author
2025/06/25 00:27:50 GET /author
2025/06/25 00:29:41 Server is running [:3000]
2025/06/25 00:29:45 GET /author
2025/06/25 00:29:45 GET /author
2025/06/25 00:29:45 GET /author
2025/06/25 00:29:45 GET /author
2025/06/25 00:29:45 GET /author
2025/06/25 00:29:45 GET /author
2025/06/25 00:29:45 GET /author
2025/06/25 00:29:45 GET /author
2025/06/25 00:29:45 GET /author
2025/06/25 00:29:45 GET /author
2025/06/25 00:30:27 Server is running [:3000]
2025/06/25 00:30:30 GET /author
2025/06/25 00:30:30 GET /author
2025/06/25 00:30:30 GET /author
2025/06/25 00:30:30 GET /author
2025/06/25 00:30:30 GET /author
2025/06/25 00:30:30 GET /author
2025/06/25 00:30:30 GET /author
2025/06/25 00:30:30 GET /author
2025/06/25 00:30:30 GET /author
2025/06/25 00:30:30 GET /author
2025/06/25 00:30:55 Server is running [:3000]
2025/06/25 00:30:57 GET /author
2025/06/25 00:30:57 GET /author
2025/06/25 00:30:57 GET /author
2025/06/25 00:30:57 GET /author
2025/06/25 00:30:57 GET /author
2025/06/25 00:30:57 GET /author
2025/06/25 00:30:57 GET /author
2025/06/25 00:30:57 GET /author
2025/06/25 00:30:57 GET /author
2025/06/25 00:30:57 GET /author
2025/06/25 00:31:45 Server is running [:3000]
2025/06/25 00:31:48 GET /author
2025/06/25 00:31:49 GET /author
2025/06/25 00:31:49 GET /author
2025/06/25 00:31:49 GET /author
2025/06/25 00:31:49 GET /author
2025/06/25 00:31:49 GET /author
2025/06/25 00:31:49 GET /author
2025/06/25 00:31:49 GET /author
2025/06/25 00:31:49 GET /author
2025/06/25 00:31:49 GET /author
2025/06/25 00:32:15 Server is running [:3000]
2025/06/25 00:32:18 GET /author
2025/06/25 00:32:22 GET /author
2025/06/25 00:32:55 Server is running [:3000]
2025/06/25 00:32:59 GET /author
2025/06/25 00:32:59 GET /author
2025/06/25 00:32:59 GET /author
2025/06/25 00:32:59 GET /author
2025/06/25 00:32:59 GET /author
2025/06/25 00:32:59 GET /author
2025/06/25 00:32:59 GET /author
2025/06/25 00:32:59 GET /author
2025/06/25 00:32:59 GET /author
2025/06/25 00:32:59 GET /author
2025/06/25 00:35:19 Server is running [:3000]
2025/06/25 00:35:21 GET /author
2025/06/25 00:35:24 GET /author
2025/06/25 00:35:25 GET /author
2025/06/25 00:35:25 GET /author
2025/06/25 00:35:36 Server is running [:3000]
2025/06/25 00:35:38 GET /author
2025/06/25 00:35:40 GET /author
2025/06/25 00:40:14 Server is running [:3000]
2025/06/25 00:40:17 GET /author
2025/06/25 00:40:18 GET /author
2025/06/25 00:40:19 GET /author
2025/06/25 00:43:01 Server is running [:3000]
2025/06/25 00:43:05 GET /author
2025/06/25 00:46:57 GET /author
2025/06/25 00:46:59 GET /author
2025/06/25 01:30:36 Server is running [:3000]
2025/06/25 01:30:40 GET /author
2025/06/25 01:30:41 GET /author
2025/06/25 01:30:45 GET /author/1
2025/06/29 12:05:30 Server is running [:3000]
2025/06/29 12:05:46 GET /author
2025/06/29 12:09:02 Server is running [:3000]
2025/06/29 12:09:08 GET /
2025/06/29 12:17:04 Server is running [:3000]
2025/06/29 12:19:45 Server is running [:3000]
2025/06/29 12:29:22 Server is running [:3000]
2025/06/29 12:30:01 Server is running [:3000]
2025/06/29 12:30:36 Server is running [:3000]
2025/06/29 12:30:52 Server is running [:3000]
2025/06/29 12:31:06 Server is running [:3000]
2025/06/29 12:33:08 Server is running [:3000]
2025/06/29 12:33:17 GET /
2025/06/29 12:33:18 GET /
2025/06/29 12:34:28 Server is running [:3000]
2025/06/29 12:34:31 GET /
2025/06/29 12:35:40 Server is running [:3000]
2025/06/29 12:35:45 GET /
2025/07/01 22:43:20 Server is running [:3000]
2025/07/01 22:43:40 GET /author
2025/07/01 22:44:10 Server is running [:3000]
2025/07/01 22:44:13 GET /author
2025/07/01 22:44:56 Server is running [:3000]
2025/07/01 22:45:00 GET /author
2025/07/01 22:45:48 GET /author/1
2025/07/01 22:46:57 Server is running [:3000]
2025/07/01 22:46:59 GET /author/1
2025/07/01 22:48:04 Server is running [:3000]
2025/07/01 22:48:08 GET /author/1
2025/07/01 22:57:47 Server is running [:3000]
2025/07/01 22:57:51 GET /author/1
2025/07/01 23:01:26 Server is running [:3000]
2025/07/01 23:01:34 GET /author/1
2025/07/01 23:01:35 GET /author/1
2025/07/01 23:01:36 GET /author/1
2025/07/01 23:01:46 Server is running [:3000]
2025/07/01 23:01:50 GET /author/1
2025/07/01 23:04:08 Server is running [:3000]
2025/07/01 23:04:12 GET /author/1
2025/07/01 23:04:14 GET /author/1
2025/07/01 23:04:28 Server is running [:3000]
2025/07/01 23:04:30 GET /author/1
2025/07/01 23:04:32 GET /author/1
2025/07/01 23:06:24 Server is running [:3000]
2025/07/01 23:06:28 GET /author/1
2025/07/01 23:06:35 GET /author/1
2025/07/01 23:10:03 Server is running [:3000]
2025/07/01 23:10:06 GET /author/1
2025/07/01 23:17:59 Server is running [:3000]
2025/07/01 23:18:43 Server is running [:3000]
2025/07/01 23:18:46 POST /book
2025/07/01 23:19:49 Server is running [:3000]
2025/07/01 23:19:52 POST /book
2025/07/01 23:20:41 POST /book
2025/07/01 23:24:37 Server is running [:3000]
2025/07/01 23:24:40 POST /book
2025/07/01 23:25:02 Server is running [:3000]
2025/07/01 23:25:06 GET /author/1
2025/07/01 23:26:02 Server is running [:3000]
2025/07/01 23:26:04 GET /author/1
2025/07/01 23:26:37 Server is running [:3000]
2025/07/01 23:26:40 GET /author/1
2025/07/06 22:35:55 Server is running [:3000]
2025/07/06 22:35:57 POST /book
2025/07/06 22:43:31 Server is running [:3000]
2025/07/06 22:44:58 POST /book
2025/07/06 22:45:38 Server is running [:3000]
2025/07/06 22:45:42 POST /book
2025/07/06 22:50:34 Server is running [:3000]
2025/07/06 22:50:38 POST /book
2025/07/06 22:53:51 Server is running [:3000]
2025/07/06 22:53:57 POST /book
2025/07/06 22:55:42 Server is running [:3000]
2025/07/06 22:56:38 Server is running [:3000]
2025/07/06 22:58:14 Server is running [:3000]
2025/07/07 21:50:45 Server is running [:3000]
2025/07/07 21:51:57 Server is running [:3000]
2025/07/07 21:52:11 PUT /author
2025/07/07 21:52:13 PUT /author
2025/07/07 21:52:44 Server is running [:3000]
2025/07/07 21:52:49 PUT /author
2025/07/07 21:52:55 GET /author
